[www.promptearn.com/index.html]
[www.promptearn.com/logo/prompt.png]
[backblue.gif]
[fade.gif]
[index.html]
[maxcdn.bootstrapcdn.com/bootstrap/4.0.0-alpha.6/css/bootstrap.min.css]
[maxcdn.bootstrapcdn.com/font-awesome/4.7.0/css/font-awesome.min.css]
[www.promptearn.com/assets/css/theme.css]
[cdnjs.cloudflare.com/ajax/libs/font-awesome/6.0.0/css/all.min.css]
[www.promptearn.com/index-2.html]
[www.promptearn.com/about.html]
[www.promptearn.com/Affiliates.html]
[www.promptearn.com/vendor.html]
[www.promptearn.com/faq.html]
[www.promptearn.com/login.html]
[www.promptearn.com/register2.html]
[www.promptearn.com/bann/2.jpg]
[www.promptearn.com/bann/3.jpg]
[www.promptearn.com/bann/1.jpg]
[www.promptearn.com/Frame004317.png]
[www.promptearn.com/money-tick.png]
[www.promptearn.com/Group00001788.png]
[www.promptearn.com/head334h.png]
[www.promptearn.com/cardano-(ada).png]
[www.promptearn.com/Frame34000004410.png]
[www.promptearn.com/Frame34f1000004512.png]
[www.promptearn.com/Group33d000004767.png]
[www.promptearn.com/profile-circle.png]
[www.promptearn.com/tac.html]
[www.promptearn.com/Mask4group3.png]
[www.promptearn.com/logo/logologo2.png]
[www.promptearn.com/send34.png]
[www.promptearn.com/Social.png]
[www.promptearn.com/Social345j.png]
[www.promptearn.com/assets/js/jquery.min.js]
[cdnjs.cloudflare.com/ajax/libs/tether/1.4.0/js/tether.min.js]
[maxcdn.bootstrapcdn.com/bootstrap/4.0.0-alpha.6/js/bootstrap.min.js]
[www.promptearn.com/assets/js/ie10-viewport-bug-workaround.js]
[www.promptearn.com/assets/js/masonry.pkgd.min.js]
[www.promptearn.com/index.html]
[maxcdn.bootstrapcdn.com/bootstrap/4.0.0-alpha.6/css/bootstrap.min.css]
[maxcdn.bootstrapcdn.com/font-awesome/4.7.0/css/font-awesome.min.css]
[www.promptearn.com/assets/js/theme.js]
[www.promptearn.com/assets/images/head.jpg]
[www.promptearn.com/assets/css/theme.css]
[cdnjs.cloudflare.com/ajax/libs/font-awesome/6.0.0/css/all.min.css]
[www.promptearn.com/index-2.html]
[www.promptearn.com/Frame34000004334.png]
[www.promptearn.com/star.png]
[www.promptearn.com/sta444r.png]
[www.promptearn.com/about.html]
[www.promptearn.com/Frame521000004371.png]
[www.promptearn.com/Frame432000004371.png]
[www.promptearn.com/Frame5321000004390.png]
[www.promptearn.com/blend-2.png]
[www.promptearn.com/Frame64441000004410.png]
[www.promptearn.com/Affiliates.html]
[www.promptearn.com/gorup11.png]
[www.promptearn.com/gorup22.png]
[www.promptearn.com/gorup33.png]
[www.promptearn.com/Framevd31000004391.png]
[www.promptearn.com/blend-2766.png]
[www.promptearn.com/vendor.html]
[www.promptearn.com/faq.html]
[www.promptearn.com/promptearnlogoo.png]
[www.promptearn.com/image4344.png]
[www.promptearn.com/login.html]
[www.promptearn.com/forgot.html]
[js.paystack.co/v1/inline.js]
[checkout.squadco.com/widget/squad.min.js]
[www.promptearn.com/regopaysquadd26d.html]
[www.promptearn.com/regopayd26d.html]
[www.promptearn.com/paynow/paystripereg214c6.html]
[www.promptearn.com/regopaypaystackd26d.html]
[www.promptearn.com/register2.html]
[www.promptearn.com/tac.html]
[www.promptearn.com/forgot.html]
[www.promptearn.com/regopaysquadd26d.html]
[www.promptearn.com/regopayd26d.html]
[checkout.flutterwave.com/v3.js]
[promptearn.com/paynow/assets/img/apple-icon.3c.delayed]
[promptearn.com/paynow/assets/img/favicon.png]
[maxcdn.bootstrapcdn.com/font-awesome/latest/css/font-awesome.min.css]
[promptearn.com/super/assets/css/material-dashboardf066.css]
[promptearn.com/super/assets/demo/demo.css]
[promptearn.com/paynow/stripe.jpg]
[promptearn.com/super/assets/js/plugins/perfect-scrollbar.jquery.min.js]
[promptearn.com/super/assets/js/core/jquery.min.js]
[promptearn.com/super/assets/js/core/popper.min.js]
[promptearn.com/super/assets/js/core/bootstrap-material-design.min.js]
[promptearn.com/super/assets/js/plugins/chartist.min.js]
[promptearn.com/super/assets/js/plugins/bootstrap-notify.js]
[promptearn.com/super/assets/js/material-dashboard.minf066.js]
[www.promptearn.com/paynow/paystripereg214c6.html]
[www.promptearn.com/regopaypaystackd26d.html]
[promptearn.com/paynow/assets/img/apple-icon.html]
[promptearn.com/paynow/assets/img/favicon.html]
[maxcdn.bootstrapcdn.com/font-awesome/latest/css/font-awesome.min.css]
[promptearn.com/super/assets/css/material-dashboardf066.css]
[promptearn.com/super/assets/demo/demo.css]
[promptearn.com/super/assets/demo/demo.js]
